<?xml version="1.0" encoding="UTF-8" standalone="yes" ?>
<!DOCTYPE boost_serialization>
<boost_serialization signature="serialization::archive" version="16">
<MAP class_id="0" tracking_level="0" version="0">
	<NAME>Village</NAME>
	<SIZE class_id="1" tracking_level="0" version="0">
		<first>8.000000000e+02</first>
		<second>6.000000000e+02</second>
	</SIZE>
	<NB_LAYERS>1</NB_LAYERS>
	<ENTITIES class_id="2" tracking_level="0" version="0">
		<count>3</count>
		<item_version>0</item_version>
		<item class_id="3" tracking_level="0" version="0">
			<LAYER_ID>0</LAYER_ID>
			<NODE_COMPONENT class_id="4" tracking_level="0" version="1">
				<px class_id="5" tracking_level="1" version="0" object_id="_0">
					<POSITION>
						<first>0.000000000e+00</first>
						<second>0.000000000e+00</second>
					</POSITION>
					<SCALE>
						<first>1.000000000e+00</first>
						<second>1.000000000e+00</second>
					</SCALE>
					<ROTATION>0.000000000e+00</ROTATION>
				</px>
			</NODE_COMPONENT>
			<GRAPHICS_COMPONENT class_id="6" tracking_level="0" version="1">
				<px class_id="7" tracking_level="1" version="0" object_id="_1">
					<SPRITE class_id="8" tracking_level="0" version="1">
						<px class_id="9" tracking_level="1" version="0" object_id="_2">
							<TEXTURE_NAME>D:/Programmation_2018/NazaraProject/NazaraProject/Ressources/Tilesets/32x32/Village.png</TEXTURE_NAME>
							<ID_SPRITE>12</ID_SPRITE>
						</px>
					</SPRITE>
				</px>
			</GRAPHICS_COMPONENT>
			<COLLIDABLE_COMPONENT class_id="10" tracking_level="0" version="1">
				<px class_id="-1"></px>
			</COLLIDABLE_COMPONENT>
		</item>
		<item>
			<LAYER_ID>0</LAYER_ID>
			<NODE_COMPONENT>
				<px class_id_reference="5" object_id="_3">
					<POSITION>
						<first>3.200000000e+01</first>
						<second>0.000000000e+00</second>
					</POSITION>
					<SCALE>
						<first>1.000000000e+00</first>
						<second>1.000000000e+00</second>
					</SCALE>
					<ROTATION>0.000000000e+00</ROTATION>
				</px>
			</NODE_COMPONENT>
			<GRAPHICS_COMPONENT>
				<px class_id_reference="7" object_id="_4">
					<SPRITE>
						<px class_id_reference="9" object_id="_5">
							<TEXTURE_NAME>D:/Programmation_2018/NazaraProject/NazaraProject/Ressources/Tilesets/32x32/Village.png</TEXTURE_NAME>
							<ID_SPRITE>12</ID_SPRITE>
						</px>
					</SPRITE>
				</px>
			</GRAPHICS_COMPONENT>
			<COLLIDABLE_COMPONENT>
				<px class_id="-1"></px>
			</COLLIDABLE_COMPONENT>
		</item>
		<item>
			<LAYER_ID>0</LAYER_ID>
			<NODE_COMPONENT>
				<px class_id_reference="5" object_id="_6">
					<POSITION>
						<first>6.400000000e+01</first>
						<second>0.000000000e+00</second>
					</POSITION>
					<SCALE>
						<first>1.000000000e+00</first>
						<second>1.000000000e+00</second>
					</SCALE>
					<ROTATION>0.000000000e+00</ROTATION>
				</px>
			</NODE_COMPONENT>
			<GRAPHICS_COMPONENT>
				<px class_id_reference="7" object_id="_7">
					<SPRITE>
						<px class_id_reference="9" object_id="_8">
							<TEXTURE_NAME>D:/Programmation_2018/NazaraProject/NazaraProject/Ressources/Tilesets/32x32/Village.png</TEXTURE_NAME>
							<ID_SPRITE>12</ID_SPRITE>
						</px>
					</SPRITE>
				</px>
			</GRAPHICS_COMPONENT>
			<COLLIDABLE_COMPONENT>
				<px class_id="-1"></px>
			</COLLIDABLE_COMPONENT>
		</item>
	</ENTITIES>
</MAP>
</boost_serialization>

